
> scrum-calendar@1.0.0 test
> jest --runInBand

node.exe : ts-jest[ts-jest-transformer] (WARN) Define `ts-jest` config under `globals` is deprecated. Please do
At line:1 char:1
+ & "C:\Program Files\nodejs/node.exe" "C:\Program Files\nodejs/node_mo ...
+ ~~~~~~~~~~~~~~~~~~~~~~~~~~~~~~~~~~~~~~~~~~~~~~~~~~~~~~~~~~~~~~~~~~~~~
    + CategoryInfo          : NotSpecified: (ts-jest[ts-jest...ated. Please do:String) [], RemoteException
    + FullyQualifiedErrorId : NativeCommandError
 
transform: {
    <transform_regex>: ['ts-jest', { /* ts-jest config goes here in Jest */ }],
},
See more at https://kulshekhar.github.io/ts-jest/docs/getting-started/presets#advanced
PASS server src/server/__tests__/azureDevOpsDelete.test.ts (7.115 s)
  ΓùÅ Console

    console.log
      [deleteWorkItem] Deleting work item 123

      at AzureDevOpsService.<anonymous> (src/server/services/azureDevOps.ts:2346:17)

    console.log
      [deleteWorkItem] Successfully deleted work item 123

      at AzureDevOpsService.<anonymous> (src/server/services/azureDevOps.ts:2351:17)

    console.log
      [deleteWorkItem] Deleting work item 456

      at AzureDevOpsService.<anonymous> (src/server/services/azureDevOps.ts:2346:17)

    console.error
      [deleteWorkItem] Error deleting work item 456: Error: Work item not found
          at C:\Users\ryamiller\ASM\ai-poc\AI-Pilot\src\server\__tests__\azureDevOpsDelete.test.ts:67:21
          at Generator.next (<anonymous>)
          at C:\Users\ryamiller\ASM\ai-poc\AI-Pilot\src\server\__tests__\azureDevOpsDelete.test.ts:41:71
          at new Promise (<anonymous>)
          at Object.<anonymous>.__awaiter (C:\Users\ryamiller\ASM\ai-poc\AI-Pilot\src\server\__tests__\azureDevOpsDelete.test.ts:37:12)
          at Object.<anonymous> (C:\Users\ryamiller\ASM\ai-poc\AI-Pilot\src\server\__tests__\azureDevOpsDelete.test.ts:65:52)
          at Promise.then.completed (C:\Users\ryamiller\ASM\ai-poc\AI-Pilot\node_modules\jest-circus\build\utils.js:298:28)
          at new Promise (<anonymous>)
          at callAsyncCircusFn (C:\Users\ryamiller\ASM\ai-poc\AI-Pilot\node_modules\jest-circus\build\utils.js:231:10)
          at _callCircusTest (C:\Users\ryamiller\ASM\ai-poc\AI-Pilot\node_modules\jest-circus\build\run.js:316:40)
          at _runTest (C:\Users\ryamiller\ASM\ai-poc\AI-Pilot\node_modules\jest-circus\build\run.js:252:3)
          at _runTestsForDescribeBlock (C:\Users\ryamiller\ASM\ai-poc\AI-Pilot\node_modules\jest-circus\build\run.js:126:9)
          at _runTestsForDescribeBlock (C:\Users\ryamiller\ASM\ai-poc\AI-Pilot\node_modules\jest-circus\build\run.js:121:9)
          at _runTestsForDescribeBlock (C:\Users\ryamiller\ASM\ai-poc\AI-Pilot\node_modules\jest-circus\build\run.js:121:9)
          at run (C:\Users\ryamiller\ASM\ai-poc\AI-Pilot\node_modules\jest-circus\build\run.js:71:3)
          at runAndTransformResultsToJestFormat 
(C:\Users\ryamiller\ASM\ai-poc\AI-Pilot\node_modules\jest-circus\build\legacy-code-todo-rewrite\jestAdapterInit.js:122:21)
          at jestAdapter (C:\Users\ryamiller\ASM\ai-poc\AI-Pilot\node_modules\jest-circus\build\legacy-code-todo-rewrite\jestAdapter.js:79:19)
          at runTestInternal (C:\Users\ryamiller\ASM\ai-poc\AI-Pilot\node_modules\jest-runner\build\runTest.js:367:16)
          at runTest (C:\Users\ryamiller\ASM\ai-poc\AI-Pilot\node_modules\jest-runner\build\runTest.js:444:34)

    [0m [90m 2351 |[39m         console[33m.[39mlog([32m`[deleteWorkItem] Successfully deleted work item ${workItemId}`[39m)[33m;[39m
     [90m 2352 |[39m       } [36mcatch[39m (error) {
    [31m[1m>[22m[39m[90m 2353 |[39m         console[33m.[39merror([32m`[deleteWorkItem] Error deleting work item ${workItemId}:`[39m[33m,[39m 
error)[33m;[39m
     [90m      |[39m                 [31m[1m^[22m[39m
     [90m 2354 |[39m         [36mthrow[39m error[33m;[39m
     [90m 2355 |[39m       }
     [90m 2356 |[39m     })[33m;[39m[0m

      at AzureDevOpsService.<anonymous> (src/server/services/azureDevOps.ts:2353:17)
          at Generator.throw (<anonymous>)
      at rejected (src/server/services/azureDevOps.ts:39:65)

    console.log
      [deleteWorkItem] Deleting work item 789

      at AzureDevOpsService.<anonymous> (src/server/services/azureDevOps.ts:2346:17)

    console.error
      [deleteWorkItem] Error deleting work item 789: Error: Transient error
          at C:\Users\ryamiller\ASM\ai-poc\AI-Pilot\src\server\__tests__\azureDevOpsDelete.test.ts:82:31
          at Generator.next (<anonymous>)
          at C:\Users\ryamiller\ASM\ai-poc\AI-Pilot\src\server\__tests__\azureDevOpsDelete.test.ts:41:71
          at new Promise (<anonymous>)
          at Object.<anonymous>.__awaiter (C:\Users\ryamiller\ASM\ai-poc\AI-Pilot\src\server\__tests__\azureDevOpsDelete.test.ts:37:12)
          at Object.<anonymous> (C:\Users\ryamiller\ASM\ai-poc\AI-Pilot\src\server\__tests__\azureDevOpsDelete.test.ts:74:57)
          at Promise.then.completed (C:\Users\ryamiller\ASM\ai-poc\AI-Pilot\node_modules\jest-circus\build\utils.js:298:28)
          at new Promise (<anonymous>)
          at callAsyncCircusFn (C:\Users\ryamiller\ASM\ai-poc\AI-Pilot\node_modules\jest-circus\build\utils.js:231:10)
          at _callCircusTest (C:\Users\ryamiller\ASM\ai-poc\AI-Pilot\node_modules\jest-circus\build\run.js:316:40)
          at _runTest (C:\Users\ryamiller\ASM\ai-poc\AI-Pilot\node_modules\jest-circus\build\run.js:252:3)
          at _runTestsForDescribeBlock (C:\Users\ryamiller\ASM\ai-poc\AI-Pilot\node_modules\jest-circus\build\run.js:126:9)
          at _runTestsForDescribeBlock (C:\Users\ryamiller\ASM\ai-poc\AI-Pilot\node_modules\jest-circus\build\run.js:121:9)
          at _runTestsForDescribeBlock (C:\Users\ryamiller\ASM\ai-poc\AI-Pilot\node_modules\jest-circus\build\run.js:121:9)
          at run (C:\Users\ryamiller\ASM\ai-poc\AI-Pilot\node_modules\jest-circus\build\run.js:71:3)
          at runAndTransformResultsToJestFormat 
(C:\Users\ryamiller\ASM\ai-poc\AI-Pilot\node_modules\jest-circus\build\legacy-code-todo-rewrite\jestAdapterInit.js:122:21)
          at jestAdapter (C:\Users\ryamiller\ASM\ai-poc\AI-Pilot\node_modules\jest-circus\build\legacy-code-todo-rewrite\jestAdapter.js:79:19)
          at runTestInternal (C:\Users\ryamiller\ASM\ai-poc\AI-Pilot\node_modules\jest-runner\build\runTest.js:367:16)
          at runTest (C:\Users\ryamiller\ASM\ai-poc\AI-Pilot\node_modules\jest-runner\build\runTest.js:444:34) {
        statusCode: 503
      }

    [0m [90m 2351 |[39m         console[33m.[39mlog([32m`[deleteWorkItem] Successfully deleted work item ${workItemId}`[39m)[33m;[39m
     [90m 2352 |[39m       } [36mcatch[39m (error) {
    [31m[1m>[22m[39m[90m 2353 |[39m         console[33m.[39merror([32m`[deleteWorkItem] Error deleting work item ${workItemId}:`[39m[33m,[39m 
error)[33m;[39m
     [90m      |[39m                 [31m[1m^[22m[39m
     [90m 2354 |[39m         [36mthrow[39m error[33m;[39m
     [90m 2355 |[39m       }
     [90m 2356 |[39m     })[33m;[39m[0m

      at AzureDevOpsService.<anonymous> (src/server/services/azureDevOps.ts:2353:17)
          at Generator.throw (<anonymous>)
      at rejected (src/server/services/azureDevOps.ts:39:65)

    console.log
      Retry 1/3 after 1000ms for status 503

      at src/server/utils/retry.ts:21:17
          at Generator.throw (<anonymous>)

    console.log
      [deleteWorkItem] Deleting work item 789

      at AzureDevOpsService.<anonymous> (src/server/services/azureDevOps.ts:2346:17)

    console.error
      [deleteWorkItem] Error deleting work item 789: Error: Transient error
          at C:\Users\ryamiller\ASM\ai-poc\AI-Pilot\src\server\__tests__\azureDevOpsDelete.test.ts:84:31
          at Generator.next (<anonymous>)
          at C:\Users\ryamiller\ASM\ai-poc\AI-Pilot\src\server\__tests__\azureDevOpsDelete.test.ts:41:71
          at new Promise (<anonymous>)
          at Object.<anonymous>.__awaiter (C:\Users\ryamiller\ASM\ai-poc\AI-Pilot\src\server\__tests__\azureDevOpsDelete.test.ts:37:12)
          at Object.<anonymous> (C:\Users\ryamiller\ASM\ai-poc\AI-Pilot\src\server\__tests__\azureDevOpsDelete.test.ts:74:57)
          at Promise.then.completed (C:\Users\ryamiller\ASM\ai-poc\AI-Pilot\node_modules\jest-circus\build\utils.js:298:28)
          at new Promise (<anonymous>)
          at callAsyncCircusFn (C:\Users\ryamiller\ASM\ai-poc\AI-Pilot\node_modules\jest-circus\build\utils.js:231:10)
          at _callCircusTest (C:\Users\ryamiller\ASM\ai-poc\AI-Pilot\node_modules\jest-circus\build\run.js:316:40)
          at _runTest (C:\Users\ryamiller\ASM\ai-poc\AI-Pilot\node_modules\jest-circus\build\run.js:252:3)
          at _runTestsForDescribeBlock (C:\Users\ryamiller\ASM\ai-poc\AI-Pilot\node_modules\jest-circus\build\run.js:126:9)
          at _runTestsForDescribeBlock (C:\Users\ryamiller\ASM\ai-poc\AI-Pilot\node_modules\jest-circus\build\run.js:121:9)
          at _runTestsForDescribeBlock (C:\Users\ryamiller\ASM\ai-poc\AI-Pilot\node_modules\jest-circus\build\run.js:121:9)
          at run (C:\Users\ryamiller\ASM\ai-poc\AI-Pilot\node_modules\jest-circus\build\run.js:71:3)
          at runAndTransformResultsToJestFormat 
(C:\Users\ryamiller\ASM\ai-poc\AI-Pilot\node_modules\jest-circus\build\legacy-code-todo-rewrite\jestAdapterInit.js:122:21)
          at jestAdapter (C:\Users\ryamiller\ASM\ai-poc\AI-Pilot\node_modules\jest-circus\build\legacy-code-todo-rewrite\jestAdapter.js:79:19)
          at runTestInternal (C:\Users\ryamiller\ASM\ai-poc\AI-Pilot\node_modules\jest-runner\build\runTest.js:367:16)
          at runTest (C:\Users\ryamiller\ASM\ai-poc\AI-Pilot\node_modules\jest-runner\build\runTest.js:444:34) {
        statusCode: 500
      }

    [0m [90m 2351 |[39m         console[33m.[39mlog([32m`[deleteWorkItem] Successfully deleted work item ${workItemId}`[39m)[33m;[39m
     [90m 2352 |[39m       } [36mcatch[39m (error) {
    [31m[1m>[22m[39m[90m 2353 |[39m         console[33m.[39merror([32m`[deleteWorkItem] Error deleting work item ${workItemId}:`[39m[33m,[39m 
error)[33m;[39m
     [90m      |[39m                 [31m[1m^[22m[39m
     [90m 2354 |[39m         [36mthrow[39m error[33m;[39m
     [90m 2355 |[39m       }
     [90m 2356 |[39m     })[33m;[39m[0m

      at AzureDevOpsService.<anonymous> (src/server/services/azureDevOps.ts:2353:17)
          at Generator.throw (<anonymous>)
      at rejected (src/server/services/azureDevOps.ts:39:65)

    console.log
      Retry 2/3 after 2000ms for status 500

      at src/server/utils/retry.ts:21:17
          at Generator.throw (<anonymous>)

    console.log
      [deleteWorkItem] Deleting work item 789

      at AzureDevOpsService.<anonymous> (src/server/services/azureDevOps.ts:2346:17)

    console.log
      [deleteWorkItem] Successfully deleted work item 789

      at AzureDevOpsService.<anonymous> (src/server/services/azureDevOps.ts:2351:17)

    console.log
      [deleteWorkItem] Deleting work item 999

      at AzureDevOpsService.<anonymous> (src/server/services/azureDevOps.ts:2346:17)

    console.log
      [deleteWorkItem] Successfully deleted work item 999

      at AzureDevOpsService.<anonymous> (src/server/services/azureDevOps.ts:2351:17)

    console.log
      [deleteWorkItem] Deleting work item 111

      at AzureDevOpsService.<anonymous> (src/server/services/azureDevOps.ts:2346:17)

    console.error
      [deleteWorkItem] Error deleting work item 111: Error: Access denied
          at C:\Users\ryamiller\ASM\ai-poc\AI-Pilot\src\server\__tests__\azureDevOpsDelete.test.ts:112:31
          at Generator.next (<anonymous>)
          at C:\Users\ryamiller\ASM\ai-poc\AI-Pilot\src\server\__tests__\azureDevOpsDelete.test.ts:41:71
          at new Promise (<anonymous>)
          at Object.<anonymous>.__awaiter (C:\Users\ryamiller\ASM\ai-poc\AI-Pilot\src\server\__tests__\azureDevOpsDelete.test.ts:37:12)
          at Object.<anonymous> (C:\Users\ryamiller\ASM\ai-poc\AI-Pilot\src\server\__tests__\azureDevOpsDelete.test.ts:110:54)
          at Promise.then.completed (C:\Users\ryamiller\ASM\ai-poc\AI-Pilot\node_modules\jest-circus\build\utils.js:298:28)
          at new Promise (<anonymous>)
          at callAsyncCircusFn (C:\Users\ryamiller\ASM\ai-poc\AI-Pilot\node_modules\jest-circus\build\utils.js:231:10)
          at _callCircusTest (C:\Users\ryamiller\ASM\ai-poc\AI-Pilot\node_modules\jest-circus\build\run.js:316:40)
          at runNextTicks (node:internal/process/task_queues:64:5)
          at processTimers (node:internal/timers:538:9)
          at _runTest (C:\Users\ryamiller\ASM\ai-poc\AI-Pilot\node_modules\jest-circus\build\run.js:252:3)
          at _runTestsForDescribeBlock (C:\Users\ryamiller\ASM\ai-poc\AI-Pilot\node_modules\jest-circus\build\run.js:126:9)
          at _runTestsForDescribeBlock (C:\Users\ryamiller\ASM\ai-poc\AI-Pilot\node_modules\jest-circus\build\run.js:121:9)
          at _runTestsForDescribeBlock (C:\Users\ryamiller\ASM\ai-poc\AI-Pilot\node_modules\jest-circus\build\run.js:121:9)
          at run (C:\Users\ryamiller\ASM\ai-poc\AI-Pilot\node_modules\jest-circus\build\run.js:71:3)
          at runAndTransformResultsToJestFormat 
(C:\Users\ryamiller\ASM\ai-poc\AI-Pilot\node_modules\jest-circus\build\legacy-code-todo-rewrite\jestAdapterInit.js:122:21)
          at jestAdapter (C:\Users\ryamiller\ASM\ai-poc\AI-Pilot\node_modules\jest-circus\build\legacy-code-todo-rewrite\jestAdapter.js:79:19)
          at runTestInternal (C:\Users\ryamiller\ASM\ai-poc\AI-Pilot\node_modules\jest-runner\build\runTest.js:367:16)
          at runTest (C:\Users\ryamiller\ASM\ai-poc\AI-Pilot\node_modules\jest-runner\build\runTest.js:444:34)

    [0m [90m 2351 |[39m         console[33m.[39mlog([32m`[deleteWorkItem] Successfully deleted work item ${workItemId}`[39m)[33m;[39m
     [90m 2352 |[39m       } [36mcatch[39m (error) {
    [31m[1m>[22m[39m[90m 2353 |[39m         console[33m.[39merror([32m`[deleteWorkItem] Error deleting work item ${workItemId}:`[39m[33m,[39m 
error)[33m;[39m
     [90m      |[39m                 [31m[1m^[22m[39m
     [90m 2354 |[39m         [36mthrow[39m error[33m;[39m
     [90m 2355 |[39m       }
     [90m 2356 |[39m     })[33m;[39m[0m

      at AzureDevOpsService.<anonymous> (src/server/services/azureDevOps.ts:2353:17)
          at Generator.throw (<anonymous>)
      at rejected (src/server/services/azureDevOps.ts:39:65)

    console.log
      [getReleaseVersions] Executing WIQL query for releases

      at AzureDevOpsService.<anonymous> (src/server/services/azureDevOps.ts:1370:17)

    console.log
      [getReleaseVersions] Found 3 Features/Epics

      at AzureDevOpsService.<anonymous> (src/server/services/azureDevOps.ts:1382:17)

    console.log
      [getReleaseVersions] Found 2 unique release versions: [ 'v1.0.0', 'v2.0.0' ]

      at AzureDevOpsService.<anonymous> (src/server/services/azureDevOps.ts:1404:17)

    console.log
      [getReleaseVersions] Executing WIQL query for releases

      at AzureDevOpsService.<anonymous> (src/server/services/azureDevOps.ts:1370:17)

    console.log
      [getReleaseVersions] No Features or Epics found

      at AzureDevOpsService.<anonymous> (src/server/services/azureDevOps.ts:1378:19)

    console.log
      [getReleaseVersions] Executing WIQL query for releases

      at AzureDevOpsService.<anonymous> (src/server/services/azureDevOps.ts:1370:17)

    console.log
      [getReleaseVersions] Found 1 Features/Epics

      at AzureDevOpsService.<anonymous> (src/server/services/azureDevOps.ts:1382:17)

    console.log
      [getReleaseVersions] Found 0 unique release versions: []

      at AzureDevOpsService.<anonymous> (src/server/services/azureDevOps.ts:1404:17)

PASS server src/server/__tests__/retry.test.ts
  ΓùÅ Console

    console.log
      Retry 1/3 after 1ms for status 429

      at src/server/utils/retry.ts:21:17
          at Generator.throw (<anonymous>)

    console.log
      Retry 1/3 after 1ms for status 500

      at src/server/utils/retry.ts:21:17
          at Generator.throw (<anonymous>)

    console.log
      Retry 2/3 after 2ms for status 503

      at src/server/utils/retry.ts:21:17
          at Generator.throw (<anonymous>)

    console.log
      Retry 1/3 after 10ms for status 429

      at src/server/utils/retry.ts:21:17
          at Generator.throw (<anonymous>)

    console.log
      Retry 2/3 after 20ms for status 429

      at src/server/utils/retry.ts:21:17
          at Generator.throw (<anonymous>)

    console.log
      Retry 1/3 after 1ms for status 429

      at src/server/utils/retry.ts:21:17
          at Generator.throw (<anonymous>)

    console.log
      Retry 2/3 after 2ms for status 429

      at src/server/utils/retry.ts:21:17
          at Generator.throw (<anonymous>)

    console.log
      Retry 3/3 after 4ms for status 429

      at src/server/utils/retry.ts:21:17
          at Generator.throw (<anonymous>)

    console.log
      Retry 1/3 after 1ms for status 500

      at src/server/utils/retry.ts:21:17
          at Generator.throw (<anonymous>)

    console.log
      Retry 1/3 after 1000ms for status 429

      at src/server/utils/retry.ts:21:17
          at Generator.throw (<anonymous>)

PASS server src/server/__tests__/api.test.ts
  ΓùÅ Console

    console.error
      Error fetching work items: Error: API Error
          at C:\Users\ryamiller\ASM\ai-poc\AI-Pilot\src\server\__tests__\api.test.ts:95:53
          at Generator.next (<anonymous>)
          at C:\Users\ryamiller\ASM\ai-poc\AI-Pilot\src\server\__tests__\api.test.ts:8:71
          at new Promise (<anonymous>)
          at Object.<anonymous>.__awaiter (C:\Users\ryamiller\ASM\ai-poc\AI-Pilot\src\server\__tests__\api.test.ts:4:12)
          at Object.<anonymous> (C:\Users\ryamiller\ASM\ai-poc\AI-Pilot\src\server\__tests__\api.test.ts:94:54)
          at Promise.then.completed (C:\Users\ryamiller\ASM\ai-poc\AI-Pilot\node_modules\jest-circus\build\utils.js:298:28)
          at new Promise (<anonymous>)
          at callAsyncCircusFn (C:\Users\ryamiller\ASM\ai-poc\AI-Pilot\node_modules\jest-circus\build\utils.js:231:10)
          at _callCircusTest (C:\Users\ryamiller\ASM\ai-poc\AI-Pilot\node_modules\jest-circus\build\run.js:316:40)
          at processTicksAndRejections (node:internal/process/task_queues:103:5)
          at _runTest (C:\Users\ryamiller\ASM\ai-poc\AI-Pilot\node_modules\jest-circus\build\run.js:252:3)
          at _runTestsForDescribeBlock (C:\Users\ryamiller\ASM\ai-poc\AI-Pilot\node_modules\jest-circus\build\run.js:126:9)
          at _runTestsForDescribeBlock (C:\Users\ryamiller\ASM\ai-poc\AI-Pilot\node_modules\jest-circus\build\run.js:121:9)
          at _runTestsForDescribeBlock (C:\Users\ryamiller\ASM\ai-poc\AI-Pilot\node_modules\jest-circus\build\run.js:121:9)
          at run (C:\Users\ryamiller\ASM\ai-poc\AI-Pilot\node_modules\jest-circus\build\run.js:71:3)
          at runAndTransformResultsToJestFormat 
(C:\Users\ryamiller\ASM\ai-poc\AI-Pilot\node_modules\jest-circus\build\legacy-code-todo-rewrite\jestAdapterInit.js:122:21)
          at jestAdapter (C:\Users\ryamiller\ASM\ai-poc\AI-Pilot\node_modules\jest-circus\build\legacy-code-todo-rewrite\jestAdapter.js:79:19)
          at runTestInternal (C:\Users\ryamiller\ASM\ai-poc\AI-Pilot\node_modules\jest-runner\build\runTest.js:367:16)
          at runTest (C:\Users\ryamiller\ASM\ai-poc\AI-Pilot\node_modules\jest-runner\build\runTest.js:444:34)

    [0m [90m 15 |[39m     res[33m.[39mjson(workItems)[33m;[39m
     [90m 16 |[39m   } [36mcatch[39m (error[33m:[39m any) {
    [31m[1m>[22m[39m[90m 17 |[39m     console[33m.[39merror([32m'Error fetching work items:'[39m[33m,[39m error)[33m;[39m
     [90m    |[39m             [31m[1m^[22m[39m
     [90m 18 |[39m     res[33m.[39mstatus([35m500[39m)[33m.[39mjson({ error[33m:[39m [32m'Failed to fetch work items'[39m })[33m;[39m
     [90m 19 |[39m   }
     [90m 20 |[39m })[33m;[39m[0m

      at src/server/routes/api.ts:17:13
          at Generator.throw (<anonymous>)
      at rejected (src/server/routes/api.ts:6:65)

    console.error
      Error updating due date: Error: Update failed
          at C:\Users\ryamiller\ASM\ai-poc\AI-Pilot\src\server\__tests__\api.test.ts:163:54
          at Generator.next (<anonymous>)
          at C:\Users\ryamiller\ASM\ai-poc\AI-Pilot\src\server\__tests__\api.test.ts:8:71
          at new Promise (<anonymous>)
          at Object.<anonymous>.__awaiter (C:\Users\ryamiller\ASM\ai-poc\AI-Pilot\src\server\__tests__\api.test.ts:4:12)
          at Object.<anonymous> (C:\Users\ryamiller\ASM\ai-poc\AI-Pilot\src\server\__tests__\api.test.ts:162:54)
          at Promise.then.completed (C:\Users\ryamiller\ASM\ai-poc\AI-Pilot\node_modules\jest-circus\build\utils.js:298:28)
          at new Promise (<anonymous>)
          at callAsyncCircusFn (C:\Users\ryamiller\ASM\ai-poc\AI-Pilot\node_modules\jest-circus\build\utils.js:231:10)
          at _callCircusTest (C:\Users\ryamiller\ASM\ai-poc\AI-Pilot\node_modules\jest-circus\build\run.js:316:40)
          at processTicksAndRejections (node:internal/process/task_queues:103:5)
          at _runTest (C:\Users\ryamiller\ASM\ai-poc\AI-Pilot\node_modules\jest-circus\build\run.js:252:3)
          at _runTestsForDescribeBlock (C:\Users\ryamiller\ASM\ai-poc\AI-Pilot\node_modules\jest-circus\build\run.js:126:9)
          at _runTestsForDescribeBlock (C:\Users\ryamiller\ASM\ai-poc\AI-Pilot\node_modules\jest-circus\build\run.js:121:9)
          at _runTestsForDescribeBlock (C:\Users\ryamiller\ASM\ai-poc\AI-Pilot\node_modules\jest-circus\build\run.js:121:9)
          at run (C:\Users\ryamiller\ASM\ai-poc\AI-Pilot\node_modules\jest-circus\build\run.js:71:3)
          at runAndTransformResultsToJestFormat 
(C:\Users\ryamiller\ASM\ai-poc\AI-Pilot\node_modules\jest-circus\build\legacy-code-todo-rewrite\jestAdapterInit.js:122:21)
          at jestAdapter (C:\Users\ryamiller\ASM\ai-poc\AI-Pilot\node_modules\jest-circus\build\legacy-code-todo-rewrite\jestAdapter.js:79:19)
          at runTestInternal (C:\Users\ryamiller\ASM\ai-poc\AI-Pilot\node_modules\jest-runner\build\runTest.js:367:16)
          at runTest (C:\Users\ryamiller\ASM\ai-poc\AI-Pilot\node_modules\jest-runner\build\runTest.js:444:34)

    [0m [90m 59 |[39m     res[33m.[39mjson({ success[33m:[39m [36mtrue[39m })[33m;[39m
     [90m 60 |[39m   } [36mcatch[39m (error[33m:[39m any) {
    [31m[1m>[22m[39m[90m 61 |[39m     console[33m.[39merror([32m'Error updating due date:'[39m[33m,[39m error)[33m;[39m
     [90m    |[39m             [31m[1m^[22m[39m
     [90m 62 |[39m     res[33m.[39mstatus([35m500[39m)[33m.[39mjson({ error[33m:[39m [32m'Failed to update due date'[39m })[33m;[39m
     [90m 63 |[39m   }
     [90m 64 |[39m })[33m;[39m[0m

      at src/server/routes/api.ts:61:13
          at Generator.throw (<anonymous>)
      at rejected (src/server/routes/api.ts:6:65)

    console.error
      Error updating work item field: Error: Update failed
          at C:\Users\ryamiller\ASM\ai-poc\AI-Pilot\src\server\__tests__\api.test.ts:206:60
          at Generator.next (<anonymous>)
          at C:\Users\ryamiller\ASM\ai-poc\AI-Pilot\src\server\__tests__\api.test.ts:8:71
          at new Promise (<anonymous>)
          at Object.<anonymous>.__awaiter (C:\Users\ryamiller\ASM\ai-poc\AI-Pilot\src\server\__tests__\api.test.ts:4:12)
          at Object.<anonymous> (C:\Users\ryamiller\ASM\ai-poc\AI-Pilot\src\server\__tests__\api.test.ts:205:54)
          at Promise.then.completed (C:\Users\ryamiller\ASM\ai-poc\AI-Pilot\node_modules\jest-circus\build\utils.js:298:28)
          at new Promise (<anonymous>)
          at callAsyncCircusFn (C:\Users\ryamiller\ASM\ai-poc\AI-Pilot\node_modules\jest-circus\build\utils.js:231:10)
          at _callCircusTest (C:\Users\ryamiller\ASM\ai-poc\AI-Pilot\node_modules\jest-circus\build\run.js:316:40)
          at processTicksAndRejections (node:internal/process/task_queues:103:5)
          at _runTest (C:\Users\ryamiller\ASM\ai-poc\AI-Pilot\node_modules\jest-circus\build\run.js:252:3)
          at _runTestsForDescribeBlock (C:\Users\ryamiller\ASM\ai-poc\AI-Pilot\node_modules\jest-circus\build\run.js:126:9)
          at _runTestsForDescribeBlock (C:\Users\ryamiller\ASM\ai-poc\AI-Pilot\node_modules\jest-circus\build\run.js:121:9)
          at _runTestsForDescribeBlock (C:\Users\ryamiller\ASM\ai-poc\AI-Pilot\node_modules\jest-circus\build\run.js:121:9)
          at run (C:\Users\ryamiller\ASM\ai-poc\AI-Pilot\node_modules\jest-circus\build\run.js:71:3)
          at runAndTransformResultsToJestFormat 
(C:\Users\ryamiller\ASM\ai-poc\AI-Pilot\node_modules\jest-circus\build\legacy-code-todo-rewrite\jestAdapterInit.js:122:21)
          at jestAdapter (C:\Users\ryamiller\ASM\ai-poc\AI-Pilot\node_modules\jest-circus\build\legacy-code-todo-rewrite\jestAdapter.js:79:19)
          at runTestInternal (C:\Users\ryamiller\ASM\ai-poc\AI-Pilot\node_modules\jest-runner\build\runTest.js:367:16)
          at runTest (C:\Users\ryamiller\ASM\ai-poc\AI-Pilot\node_modules\jest-runner\build\runTest.js:444:34)

    [0m [90m 82 |[39m     res[33m.[39mjson({ success[33m:[39m [36mtrue[39m })[33m;[39m
     [90m 83 |[39m   } [36mcatch[39m (error[33m:[39m any) {
    [31m[1m>[22m[39m[90m 84 |[39m     console[33m.[39merror([32m'Error updating work item field:'[39m[33m,[39m error)[33m;[39m
     [90m    |[39m             [31m[1m^[22m[39m
     [90m 85 |[39m     res[33m.[39mstatus([35m500[39m)[33m.[39mjson({ error[33m:[39m [32m'Failed to update work item field'[39m })[33m;[39m
     [90m 86 |[39m   }
     [90m 87 |[39m })[33m;[39m[0m

      at src/server/routes/api.ts:84:13
          at Generator.throw (<anonymous>)
      at rejected (src/server/routes/api.ts:6:65)

    console.log
      Calculating cycle time for 2 work items

      at src/server/routes/api.ts:98:13

    console.log
      Calculating cycle time for 2 work items

      at src/server/routes/api.ts:98:13

    console.error
      Error calculating cycle time: Error: Calculation failed
          at C:\Users\ryamiller\ASM\ai-poc\AI-Pilot\src\server\__tests__\api.test.ts:254:67
          at Generator.next (<anonymous>)
          at C:\Users\ryamiller\ASM\ai-poc\AI-Pilot\src\server\__tests__\api.test.ts:8:71
          at new Promise (<anonymous>)
          at Object.<anonymous>.__awaiter (C:\Users\ryamiller\ASM\ai-poc\AI-Pilot\src\server\__tests__\api.test.ts:4:12)
          at Object.<anonymous> (C:\Users\ryamiller\ASM\ai-poc\AI-Pilot\src\server\__tests__\api.test.ts:253:54)
          at Promise.then.completed (C:\Users\ryamiller\ASM\ai-poc\AI-Pilot\node_modules\jest-circus\build\utils.js:298:28)
          at new Promise (<anonymous>)
          at callAsyncCircusFn (C:\Users\ryamiller\ASM\ai-poc\AI-Pilot\node_modules\jest-circus\build\utils.js:231:10)
          at _callCircusTest (C:\Users\ryamiller\ASM\ai-poc\AI-Pilot\node_modules\jest-circus\build\run.js:316:40)
          at processTicksAndRejections (node:internal/process/task_queues:103:5)
          at _runTest (C:\Users\ryamiller\ASM\ai-poc\AI-Pilot\node_modules\jest-circus\build\run.js:252:3)
          at _runTestsForDescribeBlock (C:\Users\ryamiller\ASM\ai-poc\AI-Pilot\node_modules\jest-circus\build\run.js:126:9)
          at _runTestsForDescribeBlock (C:\Users\ryamiller\ASM\ai-poc\AI-Pilot\node_modules\jest-circus\build\run.js:121:9)
          at _runTestsForDescribeBlock (C:\Users\ryamiller\ASM\ai-poc\AI-Pilot\node_modules\jest-circus\build\run.js:121:9)
          at run (C:\Users\ryamiller\ASM\ai-poc\AI-Pilot\node_modules\jest-circus\build\run.js:71:3)
          at runAndTransformResultsToJestFormat 
(C:\Users\ryamiller\ASM\ai-poc\AI-Pilot\node_modules\jest-circus\build\legacy-code-todo-rewrite\jestAdapterInit.js:122:21)
          at jestAdapter (C:\Users\ryamiller\ASM\ai-poc\AI-Pilot\node_modules\jest-circus\build\legacy-code-todo-rewrite\jestAdapter.js:79:19)
          at runTestInternal (C:\Users\ryamiller\ASM\ai-poc\AI-Pilot\node_modules\jest-runner\build\runTest.js:367:16)
          at runTest (C:\Users\ryamiller\ASM\ai-poc\AI-Pilot\node_modules\jest-runner\build\runTest.js:444:34)

    [0m [90m 101 |[39m     res[33m.[39mjson(cycleTimeData)[33m;[39m
     [90m 102 |[39m   } [36mcatch[39m (error[33m:[39m any) {
    [31m[1m>[22m[39m[90m 103 |[39m     console[33m.[39merror([32m'Error calculating cycle time:'[39m[33m,[39m error)[33m;[39m
     [90m     |[39m             [31m[1m^[22m[39m
     [90m 104 |[39m     res[33m.[39mstatus([35m500[39m)[33m.[39mjson({ error[33m:[39m [32m'Failed to calculate cycle time'[39m })[33m;[39m
     [90m 105 |[39m   }
     [90m 106 |[39m })[33m;[39m[0m

      at src/server/routes/api.ts:103:13
          at Generator.throw (<anonymous>)
      at rejected (src/server/routes/api.ts:6:65)

    console.error
      Health check error: Error: Service unavailable
          at C:\Users\ryamiller\ASM\ai-poc\AI-Pilot\src\server\__tests__\api.test.ts:280:52
          at Generator.next (<anonymous>)
          at C:\Users\ryamiller\ASM\ai-poc\AI-Pilot\src\server\__tests__\api.test.ts:8:71
          at new Promise (<anonymous>)
          at Object.<anonymous>.__awaiter (C:\Users\ryamiller\ASM\ai-poc\AI-Pilot\src\server\__tests__\api.test.ts:4:12)
          at Object.<anonymous> (C:\Users\ryamiller\ASM\ai-poc\AI-Pilot\src\server\__tests__\api.test.ts:279:53)
          at Promise.then.completed (C:\Users\ryamiller\ASM\ai-poc\AI-Pilot\node_modules\jest-circus\build\utils.js:298:28)
          at new Promise (<anonymous>)
          at callAsyncCircusFn (C:\Users\ryamiller\ASM\ai-poc\AI-Pilot\node_modules\jest-circus\build\utils.js:231:10)
          at _callCircusTest (C:\Users\ryamiller\ASM\ai-poc\AI-Pilot\node_modules\jest-circus\build\run.js:316:40)
          at processTicksAndRejections (node:internal/process/task_queues:103:5)
          at _runTest (C:\Users\ryamiller\ASM\ai-poc\AI-Pilot\node_modules\jest-circus\build\run.js:252:3)
          at _runTestsForDescribeBlock (C:\Users\ryamiller\ASM\ai-poc\AI-Pilot\node_modules\jest-circus\build\run.js:126:9)
          at _runTestsForDescribeBlock (C:\Users\ryamiller\ASM\ai-poc\AI-Pilot\node_modules\jest-circus\build\run.js:121:9)
          at _runTestsForDescribeBlock (C:\Users\ryamiller\ASM\ai-poc\AI-Pilot\node_modules\jest-circus\build\run.js:121:9)
          at run (C:\Users\ryamiller\ASM\ai-poc\AI-Pilot\node_modules\jest-circus\build\run.js:71:3)
          at runAndTransformResultsToJestFormat 
(C:\Users\ryamiller\ASM\ai-poc\AI-Pilot\node_modules\jest-circus\build\legacy-code-todo-rewrite\jestAdapterInit.js:122:21)
          at jestAdapter (C:\Users\ryamiller\ASM\ai-poc\AI-Pilot\node_modules\jest-circus\build\legacy-code-todo-rewrite\jestAdapter.js:79:19)
          at runTestInternal (C:\Users\ryamiller\ASM\ai-poc\AI-Pilot\node_modules\jest-runner\build\runTest.js:367:16)
          at runTest (C:\Users\ryamiller\ASM\ai-poc\AI-Pilot\node_modules\jest-runner\build\runTest.js:444:34)

    [0m [90m 114 |[39m     res[33m.[39mjson({ healthy[33m,[39m timestamp[33m:[39m [36mnew[39m [33mDate[39m()[33m.[39mtoISOString() 
})[33m;[39m
     [90m 115 |[39m   } [36mcatch[39m (error[33m:[39m any) {
    [31m[1m>[22m[39m[90m 116 |[39m     console[33m.[39merror([32m'Health check error:'[39m[33m,[39m error)[33m;[39m
     [90m     |[39m             [31m[1m^[22m[39m
     [90m 117 |[39m     res[33m.[39mstatus([35m503[39m)[33m.[39mjson({ healthy[33m:[39m [36mfalse[39m[33m,[39m error[33m:[39m [32m'Service 
unavailable'[39m })[33m;[39m
     [90m 118 |[39m   }
     [90m 119 |[39m })[33m;[39m[0m

      at src/server/routes/api.ts:116:13
          at Generator.throw (<anonymous>)
      at rejected (src/server/routes/api.ts:6:65)

    console.error
      Error updating work item field: Error: Update failed
          at C:\Users\ryamiller\ASM\ai-poc\AI-Pilot\src\server\__tests__\api.test.ts:369:60
          at Generator.next (<anonymous>)
          at C:\Users\ryamiller\ASM\ai-poc\AI-Pilot\src\server\__tests__\api.test.ts:8:71
          at new Promise (<anonymous>)
          at Object.<anonymous>.__awaiter (C:\Users\ryamiller\ASM\ai-poc\AI-Pilot\src\server\__tests__\api.test.ts:4:12)
          at Object.<anonymous> (C:\Users\ryamiller\ASM\ai-poc\AI-Pilot\src\server\__tests__\api.test.ts:368:54)
          at Promise.then.completed (C:\Users\ryamiller\ASM\ai-poc\AI-Pilot\node_modules\jest-circus\build\utils.js:298:28)
          at new Promise (<anonymous>)
          at callAsyncCircusFn (C:\Users\ryamiller\ASM\ai-poc\AI-Pilot\node_modules\jest-circus\build\utils.js:231:10)
          at _callCircusTest (C:\Users\ryamiller\ASM\ai-poc\AI-Pilot\node_modules\jest-circus\build\run.js:316:40)
          at processTicksAndRejections (node:internal/process/task_queues:103:5)
          at _runTest (C:\Users\ryamiller\ASM\ai-poc\AI-Pilot\node_modules\jest-circus\build\run.js:252:3)
          at _runTestsForDescribeBlock (C:\Users\ryamiller\ASM\ai-poc\AI-Pilot\node_modules\jest-circus\build\run.js:126:9)
          at _runTestsForDescribeBlock (C:\Users\ryamiller\ASM\ai-poc\AI-Pilot\node_modules\jest-circus\build\run.js:121:9)
          at _runTestsForDescribeBlock (C:\Users\ryamiller\ASM\ai-poc\AI-Pilot\node_modules\jest-circus\build\run.js:121:9)
          at run (C:\Users\ryamiller\ASM\ai-poc\AI-Pilot\node_modules\jest-circus\build\run.js:71:3)
          at runAndTransformResultsToJestFormat 
(C:\Users\ryamiller\ASM\ai-poc\AI-Pilot\node_modules\jest-circus\build\legacy-code-todo-rewrite\jestAdapterInit.js:122:21)
          at jestAdapter (C:\Users\ryamiller\ASM\ai-poc\AI-Pilot\node_modules\jest-circus\build\legacy-code-todo-rewrite\jestAdapter.js:79:19)
          at runTestInternal (C:\Users\ryamiller\ASM\ai-poc\AI-Pilot\node_modules\jest-runner\build\runTest.js:367:16)
          at runTest (C:\Users\ryamiller\ASM\ai-poc\AI-Pilot\node_modules\jest-runner\build\runTest.js:444:34)

    [0m [90m 82 |[39m     res[33m.[39mjson({ success[33m:[39m [36mtrue[39m })[33m;[39m
     [90m 83 |[39m   } [36mcatch[39m (error[33m:[39m any) {
    [31m[1m>[22m[39m[90m 84 |[39m     console[33m.[39merror([32m'Error updating work item field:'[39m[33m,[39m error)[33m;[39m
     [90m    |[39m             [31m[1m^[22m[39m
     [90m 85 |[39m     res[33m.[39mstatus([35m500[39m)[33m.[39mjson({ error[33m:[39m [32m'Failed to update work item field'[39m })[33m;[39m
     [90m 86 |[39m   }
     [90m 87 |[39m })[33m;[39m[0m

      at src/server/routes/api.ts:84:13
          at Generator.throw (<anonymous>)
      at rejected (src/server/routes/api.ts:6:65)

ts-jest[ts-jest-transformer] (WARN) Define `ts-jest` config under `globals` is deprecated. Please do
transform: {
    <transform_regex>: ['ts-jest', { /* ts-jest config goes here in Jest */ }],
},
See more at https://kulshekhar.github.io/ts-jest/docs/getting-started/presets#advanced
PASS client src/client/components/__tests__/ReleaseView.delete.test.tsx
  ΓùÅ Console

    console.log
      Deleted epic 123

      at handleDeleteReleaseEpic (src/client/components/ReleaseView.tsx:406:17)

PASS server src/server/__tests__/releaseManagement.test.ts
  ΓùÅ Console

    console.error
      Error deleting release epic: Error: Deletion failed
          at C:\Users\ryamiller\ASM\ai-poc\AI-Pilot\src\server\__tests__\releaseManagement.test.ts:64:55
          at Generator.next (<anonymous>)
          at C:\Users\ryamiller\ASM\ai-poc\AI-Pilot\src\server\__tests__\releaseManagement.test.ts:8:71
          at new Promise (<anonymous>)
          at Object.<anonymous>.__awaiter (C:\Users\ryamiller\ASM\ai-poc\AI-Pilot\src\server\__tests__\releaseManagement.test.ts:4:12)
          at Object.<anonymous> (C:\Users\ryamiller\ASM\ai-poc\AI-Pilot\src\server\__tests__\releaseManagement.test.ts:62:63)
          at Promise.then.completed (C:\Users\ryamiller\ASM\ai-poc\AI-Pilot\node_modules\jest-circus\build\utils.js:298:28)
          at new Promise (<anonymous>)
          at callAsyncCircusFn (C:\Users\ryamiller\ASM\ai-poc\AI-Pilot\node_modules\jest-circus\build\utils.js:231:10)
          at _callCircusTest (C:\Users\ryamiller\ASM\ai-poc\AI-Pilot\node_modules\jest-circus\build\run.js:316:40)
          at processTicksAndRejections (node:internal/process/task_queues:103:5)
          at _runTest (C:\Users\ryamiller\ASM\ai-poc\AI-Pilot\node_modules\jest-circus\build\run.js:252:3)
          at _runTestsForDescribeBlock (C:\Users\ryamiller\ASM\ai-poc\AI-Pilot\node_modules\jest-circus\build\run.js:126:9)
          at _runTestsForDescribeBlock (C:\Users\ryamiller\ASM\ai-poc\AI-Pilot\node_modules\jest-circus\build\run.js:121:9)
          at _runTestsForDescribeBlock (C:\Users\ryamiller\ASM\ai-poc\AI-Pilot\node_modules\jest-circus\build\run.js:121:9)
          at run (C:\Users\ryamiller\ASM\ai-poc\AI-Pilot\node_modules\jest-circus\build\run.js:71:3)
          at runAndTransformResultsToJestFormat 
(C:\Users\ryamiller\ASM\ai-poc\AI-Pilot\node_modules\jest-circus\build\legacy-code-todo-rewrite\jestAdapterInit.js:122:21)
          at jestAdapter (C:\Users\ryamiller\ASM\ai-poc\AI-Pilot\node_modules\jest-circus\build\legacy-code-todo-rewrite\jestAdapter.js:79:19)
          at runTestInternal (C:\Users\ryamiller\ASM\ai-poc\AI-Pilot\node_modules\jest-runner\build\runTest.js:367:16)
          at runTest (C:\Users\ryamiller\ASM\ai-poc\AI-Pilot\node_modules\jest-runner\build\runTest.js:444:34)

    [0m [90m 602 |[39m     res[33m.[39mjson({ success[33m:[39m [36mtrue[39m[33m,[39m deletedEpicId[33m:[39m epicId })[33m;[39m
     [90m 603 |[39m   } [36mcatch[39m (error[33m:[39m any) {
    [31m[1m>[22m[39m[90m 604 |[39m     console[33m.[39merror([32m'Error deleting release epic:'[39m[33m,[39m error)[33m;[39m
     [90m     |[39m             [31m[1m^[22m[39m
     [90m 605 |[39m     res[33m.[39mstatus([35m500[39m)[33m.[39mjson({ error[33m:[39m [32m'Failed to delete release epic'[39m })[33m;[39m
     [90m 606 |[39m   }
     [90m 607 |[39m })[33m;[39m[0m

      at src/server/routes/api.ts:604:13
          at Generator.throw (<anonymous>)
      at rejected (src/server/routes/api.ts:6:65)

    console.error
      Error fetching release versions: Error: Query failed
          at C:\Users\ryamiller\ASM\ai-poc\AI-Pilot\src\server\__tests__\releaseManagement.test.ts:117:59
          at Generator.next (<anonymous>)
          at C:\Users\ryamiller\ASM\ai-poc\AI-Pilot\src\server\__tests__\releaseManagement.test.ts:8:71
          at new Promise (<anonymous>)
          at Object.<anonymous>.__awaiter (C:\Users\ryamiller\ASM\ai-poc\AI-Pilot\src\server\__tests__\releaseManagement.test.ts:4:12)
          at Object.<anonymous> (C:\Users\ryamiller\ASM\ai-poc\AI-Pilot\src\server\__tests__\releaseManagement.test.ts:116:66)
          at Promise.then.completed (C:\Users\ryamiller\ASM\ai-poc\AI-Pilot\node_modules\jest-circus\build\utils.js:298:28)
          at new Promise (<anonymous>)
          at callAsyncCircusFn (C:\Users\ryamiller\ASM\ai-poc\AI-Pilot\node_modules\jest-circus\build\utils.js:231:10)
          at _callCircusTest (C:\Users\ryamiller\ASM\ai-poc\AI-Pilot\node_modules\jest-circus\build\run.js:316:40)
          at processTicksAndRejections (node:internal/process/task_queues:103:5)
          at _runTest (C:\Users\ryamiller\ASM\ai-poc\AI-Pilot\node_modules\jest-circus\build\run.js:252:3)
          at _runTestsForDescribeBlock (C:\Users\ryamiller\ASM\ai-poc\AI-Pilot\node_modules\jest-circus\build\run.js:126:9)
          at _runTestsForDescribeBlock (C:\Users\ryamiller\ASM\ai-poc\AI-Pilot\node_modules\jest-circus\build\run.js:121:9)
          at _runTestsForDescribeBlock (C:\Users\ryamiller\ASM\ai-poc\AI-Pilot\node_modules\jest-circus\build\run.js:121:9)
          at run (C:\Users\ryamiller\ASM\ai-poc\AI-Pilot\node_modules\jest-circus\build\run.js:71:3)
          at runAndTransformResultsToJestFormat 
(C:\Users\ryamiller\ASM\ai-poc\AI-Pilot\node_modules\jest-circus\build\legacy-code-todo-rewrite\jestAdapterInit.js:122:21)
          at jestAdapter (C:\Users\ryamiller\ASM\ai-poc\AI-Pilot\node_modules\jest-circus\build\legacy-code-todo-rewrite\jestAdapter.js:79:19)
          at runTestInternal (C:\Users\ryamiller\ASM\ai-poc\AI-Pilot\node_modules\jest-runner\build\runTest.js:367:16)
          at runTest (C:\Users\ryamiller\ASM\ai-poc\AI-Pilot\node_modules\jest-runner\build\runTest.js:444:34)

    [0m [90m 615 |[39m     res[33m.[39mjson(versions)[33m;[39m
     [90m 616 |[39m   } [36mcatch[39m (error[33m:[39m any) {
    [31m[1m>[22m[39m[90m 617 |[39m     console[33m.[39merror([32m'Error fetching release versions:'[39m[33m,[39m error)[33m;[39m
     [90m     |[39m             [31m[1m^[22m[39m
     [90m 618 |[39m     res[33m.[39mstatus([35m500[39m)[33m.[39mjson({ error[33m:[39m [32m'Failed to fetch release versions'[39m })[33m;[39m
     [90m 619 |[39m   }
     [90m 620 |[39m })[33m;[39m[0m

      at src/server/routes/api.ts:617:13
          at Generator.throw (<anonymous>)
      at rejected (src/server/routes/api.ts:6:65)

PASS server src/server/__tests__/azureDevOps.test.ts
  ΓùÅ Console

    console.log
      Returning 2 work items (without cycle time data)

      at AzureDevOpsService.<anonymous> (src/server/services/azureDevOps.ts:158:15)

    console.log
      Returning 1 work items (without cycle time data)

      at AzureDevOpsService.<anonymous> (src/server/services/azureDevOps.ts:158:15)

    console.log
      Returning 0 work items (without cycle time data)

      at AzureDevOpsService.<anonymous> (src/server/services/azureDevOps.ts:158:15)

    console.error
      Error calculating cycle time for work item 1: Error: API Error
          at C:\Users\ryamiller\ASM\ai-poc\AI-Pilot\src\server\__tests__\azureDevOps.test.ts:257:49
          at Generator.next (<anonymous>)
          at C:\Users\ryamiller\ASM\ai-poc\AI-Pilot\src\server\__tests__\azureDevOps.test.ts:41:71
          at new Promise (<anonymous>)
          at Object.<anonymous>.__awaiter (C:\Users\ryamiller\ASM\ai-poc\AI-Pilot\src\server\__tests__\azureDevOps.test.ts:37:12)
          at Object.<anonymous> (C:\Users\ryamiller\ASM\ai-poc\AI-Pilot\src\server\__tests__\azureDevOps.test.ts:254:55)
          at Promise.then.completed (C:\Users\ryamiller\ASM\ai-poc\AI-Pilot\node_modules\jest-circus\build\utils.js:298:28)
          at new Promise (<anonymous>)
          at callAsyncCircusFn (C:\Users\ryamiller\ASM\ai-poc\AI-Pilot\node_modules\jest-circus\build\utils.js:231:10)
          at _callCircusTest (C:\Users\ryamiller\ASM\ai-poc\AI-Pilot\node_modules\jest-circus\build\run.js:316:40)
          at _runTest (C:\Users\ryamiller\ASM\ai-poc\AI-Pilot\node_modules\jest-circus\build\run.js:252:3)
          at _runTestsForDescribeBlock (C:\Users\ryamiller\ASM\ai-poc\AI-Pilot\node_modules\jest-circus\build\run.js:126:9)
          at _runTestsForDescribeBlock (C:\Users\ryamiller\ASM\ai-poc\AI-Pilot\node_modules\jest-circus\build\run.js:121:9)
          at _runTestsForDescribeBlock (C:\Users\ryamiller\ASM\ai-poc\AI-Pilot\node_modules\jest-circus\build\run.js:121:9)
          at run (C:\Users\ryamiller\ASM\ai-poc\AI-Pilot\node_modules\jest-circus\build\run.js:71:3)
          at runAndTransformResultsToJestFormat 
(C:\Users\ryamiller\ASM\ai-poc\AI-Pilot\node_modules\jest-circus\build\legacy-code-todo-rewrite\jestAdapterInit.js:122:21)
          at jestAdapter (C:\Users\ryamiller\ASM\ai-poc\AI-Pilot\node_modules\jest-circus\build\legacy-code-todo-rewrite\jestAdapter.js:79:19)
          at runTestInternal (C:\Users\ryamiller\ASM\ai-poc\AI-Pilot\node_modules\jest-runner\build\runTest.js:367:16)
          at runTest (C:\Users\ryamiller\ASM\ai-poc\AI-Pilot\node_modules\jest-runner\build\runTest.js:444:34)

    [0m [90m 232 |[39m       }[33m;[39m
     [90m 233 |[39m     } [36mcatch[39m (error) {
    [31m[1m>[22m[39m[90m 234 |[39m       console[33m.[39merror([32m`Error calculating cycle time for work item ${workItemId}:`[39m[33m,[39m 
error)[33m;[39m
     [90m     |[39m               [31m[1m^[22m[39m
     [90m 235 |[39m       [36mreturn[39m undefined[33m;[39m
     [90m 236 |[39m     }
     [90m 237 |[39m   }[0m

      at AzureDevOpsService.<anonymous> (src/server/services/azureDevOps.ts:234:15)
          at Generator.throw (<anonymous>)
      at rejected (src/server/services/azureDevOps.ts:39:65)

    console.log
      Updating work item 1 field System.State to: In Progress

      at AzureDevOpsService.<anonymous> (src/server/services/azureDevOps.ts:325:15)

    console.log
      Updating work item 1 field System.AssignedTo to: null

      at AzureDevOpsService.<anonymous> (src/server/services/azureDevOps.ts:325:15)

    console.log
      Updating work item 1 field Custom.MyField to: test value

      at AzureDevOpsService.<anonymous> (src/server/services/azureDevOps.ts:325:15)

    console.error
      Health check failed: Error: Connection failed
          at C:\Users\ryamiller\ASM\ai-poc\AI-Pilot\src\server\__tests__\azureDevOps.test.ts:394:48
          at Generator.next (<anonymous>)
          at C:\Users\ryamiller\ASM\ai-poc\AI-Pilot\src\server\__tests__\azureDevOps.test.ts:41:71
          at new Promise (<anonymous>)
          at Object.<anonymous>.__awaiter (C:\Users\ryamiller\ASM\ai-poc\AI-Pilot\src\server\__tests__\azureDevOps.test.ts:37:12)
          at Object.<anonymous> (C:\Users\ryamiller\ASM\ai-poc\AI-Pilot\src\server\__tests__\azureDevOps.test.ts:391:64)
          at Promise.then.completed (C:\Users\ryamiller\ASM\ai-poc\AI-Pilot\node_modules\jest-circus\build\utils.js:298:28)
          at new Promise (<anonymous>)
          at callAsyncCircusFn (C:\Users\ryamiller\ASM\ai-poc\AI-Pilot\node_modules\jest-circus\build\utils.js:231:10)
          at _callCircusTest (C:\Users\ryamiller\ASM\ai-poc\AI-Pilot\node_modules\jest-circus\build\run.js:316:40)
          at _runTest (C:\Users\ryamiller\ASM\ai-poc\AI-Pilot\node_modules\jest-circus\build\run.js:252:3)
          at _runTestsForDescribeBlock (C:\Users\ryamiller\ASM\ai-poc\AI-Pilot\node_modules\jest-circus\build\run.js:126:9)
          at _runTestsForDescribeBlock (C:\Users\ryamiller\ASM\ai-poc\AI-Pilot\node_modules\jest-circus\build\run.js:121:9)
          at _runTestsForDescribeBlock (C:\Users\ryamiller\ASM\ai-poc\AI-Pilot\node_modules\jest-circus\build\run.js:121:9)
          at run (C:\Users\ryamiller\ASM\ai-poc\AI-Pilot\node_modules\jest-circus\build\run.js:71:3)
          at runAndTransformResultsToJestFormat 
(C:\Users\ryamiller\ASM\ai-poc\AI-Pilot\node_modules\jest-circus\build\legacy-code-todo-rewrite\jestAdapterInit.js:122:21)
          at jestAdapter (C:\Users\ryamiller\ASM\ai-poc\AI-Pilot\node_modules\jest-circus\build\legacy-code-todo-rewrite\jestAdapter.js:79:19)
          at runTestInternal (C:\Users\ryamiller\ASM\ai-poc\AI-Pilot\node_modules\jest-runner\build\runTest.js:367:16)
          at runTest (C:\Users\ryamiller\ASM\ai-poc\AI-Pilot\node_modules\jest-runner\build\runTest.js:444:34)

    [0m [90m 334 |[39m       [36mreturn[39m [36mtrue[39m[33m;[39m
     [90m 335 |[39m     } [36mcatch[39m (error) {
    [31m[1m>[22m[39m[90m 336 |[39m       console[33m.[39merror([32m'Health check failed:'[39m[33m,[39m error)[33m;[39m
     [90m     |[39m               [31m[1m^[22m[39m
     [90m 337 |[39m       [36mreturn[39m [36mfalse[39m[33m;[39m
     [90m 338 |[39m     }
     [90m 339 |[39m   }[0m

      at AzureDevOpsService.<anonymous> (src/server/services/azureDevOps.ts:336:15)
          at Generator.throw (<anonymous>)
      at rejected (src/server/services/azureDevOps.ts:39:65)

    console.log
      Processing cycle time batch 1/1

      at AzureDevOpsService.<anonymous> (src/server/services/azureDevOps.ts:347:15)

    console.log
      Processing cycle time batch 1/1

      at AzureDevOpsService.<anonymous> (src/server/services/azureDevOps.ts:347:15)

    console.log
      Processing due date history batch 1/1

      at AzureDevOpsService.<anonymous> (src/server/services/azureDevOps.ts:375:17)

    console.log
      
      === Due Date Change Detected for Work Item 1 ===

      at AzureDevOpsService.<anonymous> (src/server/services/azureDevOps.ts:426:25)

    console.log
      Old: undefined -> New: 2024-01-10

      at AzureDevOpsService.<anonymous> (src/server/services/azureDevOps.ts:427:25)

    console.log
      Changed by: John Doe

      at AzureDevOpsService.<anonymous> (src/server/services/azureDevOps.ts:428:25)

    console.log
      Changed date: 2024-01-01T00:00:00Z

      at AzureDevOpsService.<anonymous> (src/server/services/azureDevOps.ts:429:25)

    console.log
      Reason found: undefined

      at AzureDevOpsService.<anonymous> (src/server/services/azureDevOps.ts:430:25)

    console.log
      History field: undefined

      at AzureDevOpsService.<anonymous> (src/server/services/azureDevOps.ts:431:25)

    console.log
      Available custom fields: []

      at AzureDevOpsService.<anonymous> (src/server/services/azureDevOps.ts:432:25)

    console.log
      
      === Due Date Change Detected for Work Item 1 ===

      at AzureDevOpsService.<anonymous> (src/server/services/azureDevOps.ts:426:25)

    console.log
      Old: 2024-01-10 -> New: 2024-01-15

      at AzureDevOpsService.<anonymous> (src/server/services/azureDevOps.ts:427:25)

    console.log
      Changed by: Jane Smith

      at AzureDevOpsService.<anonymous> (src/server/services/azureDevOps.ts:428:25)

    console.log
      Changed date: 2024-01-02T00:00:00Z

      at AzureDevOpsService.<anonymous> (src/server/services/azureDevOps.ts:429:25)

    console.log
      Reason found: Client request

      at AzureDevOpsService.<anonymous> (src/server/services/azureDevOps.ts:430:25)

    console.log
      History field: Due date change reason: Client request

      at AzureDevOpsService.<anonymous> (src/server/services/azureDevOps.ts:431:25)

    console.log
      Available custom fields: []

      at AzureDevOpsService.<anonymous> (src/server/services/azureDevOps.ts:432:25)

    console.log
      Processing due date history batch 1/1

      at AzureDevOpsService.<anonymous> (src/server/services/azureDevOps.ts:375:17)

    console.log
      Processing due date history batch 1/1

      at AzureDevOpsService.<anonymous> (src/server/services/azureDevOps.ts:375:17)

    console.error
      Error getting revisions for work item 1: Error: API Error
          at C:\Users\ryamiller\ASM\ai-poc\AI-Pilot\src\server\__tests__\azureDevOps.test.ts:490:49
          at Generator.next (<anonymous>)
          at C:\Users\ryamiller\ASM\ai-poc\AI-Pilot\src\server\__tests__\azureDevOps.test.ts:41:71
          at new Promise (<anonymous>)
          at Object.<anonymous>.__awaiter (C:\Users\ryamiller\ASM\ai-poc\AI-Pilot\src\server\__tests__\azureDevOps.test.ts:37:12)
          at Object.<anonymous> (C:\Users\ryamiller\ASM\ai-poc\AI-Pilot\src\server\__tests__\azureDevOps.test.ts:487:57)
          at Promise.then.completed (C:\Users\ryamiller\ASM\ai-poc\AI-Pilot\node_modules\jest-circus\build\utils.js:298:28)
          at new Promise (<anonymous>)
          at callAsyncCircusFn (C:\Users\ryamiller\ASM\ai-poc\AI-Pilot\node_modules\jest-circus\build\utils.js:231:10)
          at _callCircusTest (C:\Users\ryamiller\ASM\ai-poc\AI-Pilot\node_modules\jest-circus\build\run.js:316:40)
          at _runTest (C:\Users\ryamiller\ASM\ai-poc\AI-Pilot\node_modules\jest-circus\build\run.js:252:3)
          at _runTestsForDescribeBlock (C:\Users\ryamiller\ASM\ai-poc\AI-Pilot\node_modules\jest-circus\build\run.js:126:9)
          at _runTestsForDescribeBlock (C:\Users\ryamiller\ASM\ai-poc\AI-Pilot\node_modules\jest-circus\build\run.js:121:9)
          at _runTestsForDescribeBlock (C:\Users\ryamiller\ASM\ai-poc\AI-Pilot\node_modules\jest-circus\build\run.js:121:9)
          at run (C:\Users\ryamiller\ASM\ai-poc\AI-Pilot\node_modules\jest-circus\build\run.js:71:3)
          at runAndTransformResultsToJestFormat 
(C:\Users\ryamiller\ASM\ai-poc\AI-Pilot\node_modules\jest-circus\build\legacy-code-todo-rewrite\jestAdapterInit.js:122:21)
          at jestAdapter (C:\Users\ryamiller\ASM\ai-poc\AI-Pilot\node_modules\jest-circus\build\legacy-code-todo-rewrite\jestAdapter.js:79:19)
          at runTestInternal (C:\Users\ryamiller\ASM\ai-poc\AI-Pilot\node_modules\jest-runner\build\runTest.js:367:16)
          at runTest (C:\Users\ryamiller\ASM\ai-poc\AI-Pilot\node_modules\jest-runner\build\runTest.js:444:34)

    [0m [90m 444 |[39m             }
     [90m 445 |[39m           } [36mcatch[39m (error) {
    [31m[1m>[22m[39m[90m 446 |[39m             console[33m.[39merror([32m`Error getting revisions for work item ${workItemId}:`[39m[33m,[39m 
error)[33m;[39m
     [90m     |[39m                     [31m[1m^[22m[39m
     [90m 447 |[39m             [90m// Continue processing other work items[39m
     [90m 448 |[39m           }
     [90m 449 |[39m         }[0m

      at AzureDevOpsService.<anonymous> (src/server/services/azureDevOps.ts:446:21)
          at Generator.throw (<anonymous>)
      at rejected (src/server/services/azureDevOps.ts:39:65)

    console.log
      Returning 1 work items (without cycle time data)

      at AzureDevOpsService.<anonymous> (src/server/services/azureDevOps.ts:158:15)

    console.log
      Returning 1 work items (without cycle time data)

      at AzureDevOpsService.<anonymous> (src/server/services/azureDevOps.ts:158:15)

    console.log
      Updating work item 123 field Custom.QACompleteDate to: 2024-01-25

      at AzureDevOpsService.<anonymous> (src/server/services/azureDevOps.ts:325:15)

    console.log
      Updating work item 123 field Custom.QACompleteDate to: 2024-01-25

      at AzureDevOpsService.<anonymous> (src/server/services/azureDevOps.ts:325:15)

    console.log
      Updating work item 123 field Custom.QACompleteDate to: undefined

      at AzureDevOpsService.<anonymous> (src/server/services/azureDevOps.ts:325:15)

    console.log
      Updating work item 123 field Custom.QACompleteDate to:

      at AzureDevOpsService.<anonymous> (src/server/services/azureDevOps.ts:325:15)

PASS client src/client/components/__tests__/App.planning.test.tsx
PASS server src/server/__tests__/patchGeneration.test.ts

Test Suites: 8 passed, 8 total
Tests:       99 passed, 99 total
Snapshots:   0 total
Time:        13.942 s
Ran all test suites in 2 projects.
